TFT_program.c:23:6:HTFT_voidInit	8	static
TFT_program.c:58:6:HTFT_voidDisplayImage	24	static
TFT_program.c:78:6:HTFT_voidFillDisplay	24	static
TFT_program.c:85:6:HTFT_voidDrawRectangle	32	static
TFT_program.c:103:6:HTFT_voidPrintChar	40	static
TFT_program.c:131:6:HTFT_voidPrintText	40	static
TFT_program.c:143:6:HTFT_voidprintNumber	48	static
TFT_program.c:156:13:voidWriteCommand	24	static
TFT_program.c:168:13:voidWriteData	24	static
TFT_program.c:183:13:voidDrawPixel	16	static
TFT_program.c:198:13:voidSetAddress	24	static
TFT_program.c:226:13:voidSetColour	24	static
