Archive member included to satisfy reference by file (symbol)

c:/st/stm32cubeide_1.4.0/stm32cubeide/plugins/com.st.stm32cube.ide.mcu.externaltools.gnu-tools-for-stm32.7-2018-q2-update.win32_1.4.0.202007081208/tools/bin/../lib/gcc/arm-none-eabi/7.3.1/../../../../arm-none-eabi/lib/thumb/v7-m\libc_nano.a(lib_a-errno.o)
                              Core/Src/syscalls.o (__errno)
c:/st/stm32cubeide_1.4.0/stm32cubeide/plugins/com.st.stm32cube.ide.mcu.externaltools.gnu-tools-for-stm32.7-2018-q2-update.win32_1.4.0.202007081208/tools/bin/../lib/gcc/arm-none-eabi/7.3.1/../../../../arm-none-eabi/lib/thumb/v7-m\libc_nano.a(lib_a-exit.o)
                              c:/st/stm32cubeide_1.4.0/stm32cubeide/plugins/com.st.stm32cube.ide.mcu.externaltools.gnu-tools-for-stm32.7-2018-q2-update.win32_1.4.0.202007081208/tools/bin/../lib/gcc/arm-none-eabi/7.3.1/../../../../arm-none-eabi/lib/thumb/v7-m/crt0.o (exit)
c:/st/stm32cubeide_1.4.0/stm32cubeide/plugins/com.st.stm32cube.ide.mcu.externaltools.gnu-tools-for-stm32.7-2018-q2-update.win32_1.4.0.202007081208/tools/bin/../lib/gcc/arm-none-eabi/7.3.1/../../../../arm-none-eabi/lib/thumb/v7-m\libc_nano.a(lib_a-impure.o)
                              c:/st/stm32cubeide_1.4.0/stm32cubeide/plugins/com.st.stm32cube.ide.mcu.externaltools.gnu-tools-for-stm32.7-2018-q2-update.win32_1.4.0.202007081208/tools/bin/../lib/gcc/arm-none-eabi/7.3.1/../../../../arm-none-eabi/lib/thumb/v7-m\libc_nano.a(lib_a-exit.o) (_global_impure_ptr)
c:/st/stm32cubeide_1.4.0/stm32cubeide/plugins/com.st.stm32cube.ide.mcu.externaltools.gnu-tools-for-stm32.7-2018-q2-update.win32_1.4.0.202007081208/tools/bin/../lib/gcc/arm-none-eabi/7.3.1/../../../../arm-none-eabi/lib/thumb/v7-m\libc_nano.a(lib_a-init.o)
                              c:/st/stm32cubeide_1.4.0/stm32cubeide/plugins/com.st.stm32cube.ide.mcu.externaltools.gnu-tools-for-stm32.7-2018-q2-update.win32_1.4.0.202007081208/tools/bin/../lib/gcc/arm-none-eabi/7.3.1/../../../../arm-none-eabi/lib/thumb/v7-m/crt0.o (__libc_init_array)
c:/st/stm32cubeide_1.4.0/stm32cubeide/plugins/com.st.stm32cube.ide.mcu.externaltools.gnu-tools-for-stm32.7-2018-q2-update.win32_1.4.0.202007081208/tools/bin/../lib/gcc/arm-none-eabi/7.3.1/../../../../arm-none-eabi/lib/thumb/v7-m\libc_nano.a(lib_a-memset.o)
                              c:/st/stm32cubeide_1.4.0/stm32cubeide/plugins/com.st.stm32cube.ide.mcu.externaltools.gnu-tools-for-stm32.7-2018-q2-update.win32_1.4.0.202007081208/tools/bin/../lib/gcc/arm-none-eabi/7.3.1/../../../../arm-none-eabi/lib/thumb/v7-m/crt0.o (memset)
c:/st/stm32cubeide_1.4.0/stm32cubeide/plugins/com.st.stm32cube.ide.mcu.externaltools.gnu-tools-for-stm32.7-2018-q2-update.win32_1.4.0.202007081208/tools/bin/../lib/gcc/arm-none-eabi/7.3.1/thumb/v7-m\libgcc.a(_arm_addsubdf3.o)
                              Core/Src/FunHelp.o (__aeabi_dadd)
c:/st/stm32cubeide_1.4.0/stm32cubeide/plugins/com.st.stm32cube.ide.mcu.externaltools.gnu-tools-for-stm32.7-2018-q2-update.win32_1.4.0.202007081208/tools/bin/../lib/gcc/arm-none-eabi/7.3.1/thumb/v7-m\libgcc.a(_arm_muldivdf3.o)
                              Core/Src/FunHelp.o (__aeabi_dmul)
c:/st/stm32cubeide_1.4.0/stm32cubeide/plugins/com.st.stm32cube.ide.mcu.externaltools.gnu-tools-for-stm32.7-2018-q2-update.win32_1.4.0.202007081208/tools/bin/../lib/gcc/arm-none-eabi/7.3.1/thumb/v7-m\libgcc.a(_arm_fixunsdfsi.o)
                              Core/Src/HULTRA_program.o (__aeabi_d2uiz)

Allocating common symbols
Common symbol       size              file

IR_CallBack         0x4               Core/Src/IR_program.o
MSPI1_CallBack      0x4               Core/Src/SPI_program.o
String              0x14              Core/Src/USART_program.o
MUSART1_CallBack    0x4               Core/Src/USART_program.o
DMA_CallBackChannel1
                    0x4               Core/Src/DMA_program.o

Discarded input sections

 .text          0x0000000000000000        0x0 c:/st/stm32cubeide_1.4.0/stm32cubeide/plugins/com.st.stm32cube.ide.mcu.externaltools.gnu-tools-for-stm32.7-2018-q2-update.win32_1.4.0.202007081208/tools/bin/../lib/gcc/arm-none-eabi/7.3.1/thumb/v7-m/crti.o
 .data          0x0000000000000000        0x0 c:/st/stm32cubeide_1.4.0/stm32cubeide/plugins/com.st.stm32cube.ide.mcu.externaltools.gnu-tools-for-stm32.7-2018-q2-update.win32_1.4.0.202007081208/tools/bin/../lib/gcc/arm-none-eabi/7.3.1/thumb/v7-m/crti.o
 .bss           0x0000000000000000        0x0 c:/st/stm32cubeide_1.4.0/stm32cubeide/plugins/com.st.stm32cube.ide.mcu.externaltools.gnu-tools-for-stm32.7-2018-q2-update.win32_1.4.0.202007081208/tools/bin/../lib/gcc/arm-none-eabi/7.3.1/thumb/v7-m/crti.o
 .data          0x0000000000000000        0x4 c:/st/stm32cubeide_1.4.0/stm32cubeide/plugins/com.st.stm32cube.ide.mcu.externaltools.gnu-tools-for-stm32.7-2018-q2-update.win32_1.4.0.202007081208/tools/bin/../lib/gcc/arm-none-eabi/7.3.1/thumb/v7-m/crtbegin.o
[...]
Memory Configuration

Name             Origin             Length             Attributes
RAM              0x0000000020000000 0x0000000000005000 xrw
FLASH            0x0000000008000000 0x0000000000010000 xr
*default*        0x0000000000000000 0xffffffffffffffff

Linker script and memory map

LOAD c:/st/stm32cubeide_1.4.0/stm32cubeide/plugins/com.st.stm32cube.ide.mcu.externaltools.gnu-tools-for-stm32.7-2018-q2-update.win32_1.4.0.202007081208/tools/bin/../lib/gcc/arm-none-eabi/7.3.1/thumb/v7-m/crti.o
LOAD c:/st/stm32cubeide_1.4.0/stm32cubeide/plugins/com.st.stm32cube.ide.mcu.externaltools.gnu-tools-for-stm32.7-2018-q2-update.win32_1.4.0.202007081208/tools/bin/../lib/gcc/arm-none-eabi/7.3.1/thumb/v7-m/crtbegin.o
LOAD c:/st/stm32cubeide_1.4.0/stm32cubeide/plugins/com.st.stm32cube.ide.mcu.externaltools.gnu-tools-for-stm32.7-2018-q2-update.win32_1.4.0.202007081208/tools/bin/../lib/gcc/arm-none-eabi/7.3.1/../../../../arm-none-eabi/lib/thumb/v7-m/crt0.o
LOAD Core/Src/ADC_program.o
LOAD Core/Src/AFIO_program.o
LOAD Core/Src/DIO_program.o
LOAD Core/Src/DMA_program.o
LOAD Core/Src/ESP8266_program.o
LOAD Core/Src/EXTI_program.o
LOAD Core/Src/FunHelp.o
LOAD Core/Src/HULTRA_program.o
LOAD Core/Src/IR_program.o
LOAD Core/Src/LEDMRX_program.o
LOAD Core/Src/MQTT.o
LOAD Core/Src/NVIC_program.o
LOAD Core/Src/RCC_program.o
LOAD Core/Src/SPI_program.o
LOAD Core/Src/SSD_program.o
LOAD Core/Src/STP_program.o
LOAD Core/Src/SYSTICK_program.o
LOAD Core/Src/TFT_program.o
LOAD Core/Src/TIMER2_program.o
LOAD Core/Src/TIMER3_program.o
LOAD Core/Src/TIM_program.o
LOAD Core/Src/USART_program.o
LOAD Core/Src/main.o
LOAD Core/Src/syscalls.o
LOAD Core/Src/sysmem.o
LOAD Core/Startup/startup_stm32f103c8tx.o
START GROUP
LOAD c:/st/stm32cubeide_1.4.0/stm32cubeide/plugins/com.st.stm32cube.ide.mcu.externaltools.gnu-tools-for-stm32.7-2018-q2-update.win32_1.4.0.202007081208/tools/bin/../lib/gcc/arm-none-eabi/7.3.1/../../../../arm-none-eabi/lib/thumb/v7-m\libc_nano.a
LOAD c:/st/stm32cubeide_1.4.0/stm32cubeide/plugins/com.st.stm32cube.ide.mcu.externaltools.gnu-tools-for-stm32.7-2018-q2-update.win32_1.4.0.202007081208/tools/bin/../lib/gcc/arm-none-eabi/7.3.1/../../../../arm-none-eabi/lib/thumb/v7-m\libm.a
END GROUP
START GROUP
LOAD c:/st/stm32cubeide_1.4.0/stm32cubeide/plugins/com.st.stm32cube.ide.mcu.externaltools.gnu-tools-for-stm32.7-2018-q2-update.win32_1.4.0.202007081208/tools/bin/../lib/gcc/arm-none-eabi/7.3.1/thumb/v7-m\libgcc.a
LOAD c:/st/stm32cubeide_1.4.0/stm32cubeide/plugins/com.st.stm32cube.ide.mcu.externaltools.gnu-tools-for-stm32.7-2018-q2-update.win32_1.4.0.202007081208/tools/bin/../lib/gcc/arm-none-eabi/7.3.1/../../../../arm-none-eabi/lib/thumb/v7-m\libc_nano.a
END GROUP
START GROUP
LOAD c:/st/stm32cubeide_1.4.0/stm32cubeide/plugins/com.st.stm32cube.ide.mcu.externaltools.gnu-tools-for-stm32.7-2018-q2-update.win32_1.4.0.202007081208/tools/bin/../lib/gcc/arm-none-eabi/7.3.1/thumb/v7-m\libgcc.a
LOAD c:/st/stm32cubeide_1.4.0/stm32cubeide/plugins/com.st.stm32cube.ide.mcu.externaltools.gnu-tools-for-stm32.7-2018-q2-update.win32_1.4.0.202007081208/tools/bin/../lib/gcc/arm-none-eabi/7.3.1/../../../../arm-none-eabi/lib/thumb/v7-m\libc_nano.a
LOAD c:/st/stm32cubeide_1.4.0/stm32cubeide/plugins/com.st.stm32cube.ide.mcu.externaltools.gnu-tools-for-stm32.7-2018-q2-update.win32_1.4.0.202007081208/tools/bin/../lib/gcc/arm-none-eabi/7.3.1/../../../../arm-none-eabi/lib/thumb/v7-m\libnosys.a
END GROUP
START GROUP
LOAD c:/st/stm32cubeide_1.4.0/stm32cubeide/plugins/com.st.stm32cube.ide.mcu.externaltools.gnu-tools-for-stm32.7-2018-q2-update.win32_1.4.0.202007081208/tools/bin/../lib/gcc/arm-none-eabi/7.3.1/thumb/v7-m\libgcc.a
LOAD c:/st/stm32cubeide_1.4.0/stm32cubeide/plugins/com.st.stm32cube.ide.mcu.externaltools.gnu-tools-for-stm32.7-2018-q2-update.win32_1.4.0.202007081208/tools/bin/../lib/gcc/arm-none-eabi/7.3.1/../../../../arm-none-eabi/lib/thumb/v7-m\libc_nano.a
LOAD c:/st/stm32cubeide_1.4.0/stm32cubeide/plugins/com.st.stm32cube.ide.mcu.externaltools.gnu-tools-for-stm32.7-2018-q2-update.win32_1.4.0.202007081208/tools/bin/../lib/gcc/arm-none-eabi/7.3.1/../../../../arm-none-eabi/lib/thumb/v7-m\libnosys.a
END GROUP
LOAD c:/st/stm32cubeide_1.4.0/stm32cubeide/plugins/com.st.stm32cube.ide.mcu.externaltools.gnu-tools-for-stm32.7-2018-q2-update.win32_1.4.0.202007081208/tools/bin/../lib/gcc/arm-none-eabi/7.3.1/thumb/v7-m/crtend.o
LOAD c:/st/stm32cubeide_1.4.0/stm32cubeide/plugins/com.st.stm32cube.ide.mcu.externaltools.gnu-tools-for-stm32.7-2018-q2-update.win32_1.4.0.202007081208/tools/bin/../lib/gcc/arm-none-eabi/7.3.1/thumb/v7-m/crtn.o
                0x0000000020005000                _estack = (ORIGIN (RAM) + LENGTH (RAM))
                0x0000000000000200                _Min_Heap_Size = 0x200
                0x0000000000000400                _Min_Stack_Size = 0x400

.isr_vector     0x0000000008000000      0x130
                0x0000000008000000                . = ALIGN (0x4)
 *(.isr_vector)
 .isr_vector    0x0000000008000000      0x130 Core/Startup/startup_stm32f103c8tx.o
                0x0000000008000000                g_pfnVectors
                0x0000000008000130                . = ALIGN (0x4)

.text           0x0000000008000130     0x2544
                0x0000000008000130                . = ALIGN (0x4)
 *(.text)
 .text          0x0000000008000130       0x40 c:/st/stm32cubeide_1.4.0/stm32cubeide/plugins/com.st.stm32cube.ide.mcu.externaltools.gnu-tools-for-stm32.7-2018-q2-update.win32_1.4.0.202007081208/tools/bin/../lib/gcc/arm-none-eabi/7.3.1/thumb/v7-m/crtbegin.o
 .text          0x0000000008000170      0x378 c:/st/stm32cubeide_1.4.0/stm32cubeide/plugins/com.st.stm32cube.ide.mcu.externaltools.gnu-tools-for-stm32.7-2018-q2-update.win32_1.4.0.202007081208/tools/bin/../lib/gcc/arm-none-eabi/7.3.1/thumb/v7-m\libgcc.a(_arm_addsubdf3.o)
                0x0000000008000170                __aeabi_drsub
                0x0000000008000178                __aeabi_dsub
                0x0000000008000178                __subdf3
                0x000000000800017c                __aeabi_dadd
                0x000000000800017c                __adddf3
                0x00000000080003f4                __floatunsidf
                0x00000000080003f4                __aeabi_ui2d
                0x0000000008000414                __floatsidf
                0x0000000008000414                __aeabi_i2d
                0x0000000008000438                __aeabi_f2d
                0x0000000008000438                __extendsfdf2
                0x000000000800047c                __floatundidf
                0x000000000800047c                __aeabi_ul2d
                0x000000000800048c                __floatdidf
                0x000000000800048c                __aeabi_l2d
 .text          0x00000000080004e8      0x424 c:/st/stm32cubeide_1.4.0/stm32cubeide/plugins/com.st.stm32cube.ide.mcu.externaltools.gnu-tools-for-stm32.7-2018-q2-update.win32_1.4.0.202007081208/tools/bin/../lib/gcc/arm-none-eabi/7.3.1/thumb/v7-m\libgcc.a(_arm_muldivdf3.o)
                0x00000000080004e8                __aeabi_dmul
                0x00000000080004e8                __muldf3
                0x000000000800073c                __divdf3
                0x000000000800073c                __aeabi_ddiv
 .text          0x000000000800090c       0x40 c:/st/stm32cubeide_1.4.0/stm32cubeide/plugins/com.st.stm32cube.ide.mcu.externaltools.gnu-tools-for-stm32.7-2018-q2-update.win32_1.4.0.202007081208/tools/bin/../lib/gcc/arm-none-eabi/7.3.1/thumb/v7-m\libgcc.a(_arm_fixunsdfsi.o)
                0x000000000800090c                __aeabi_d2uiz
                0x000000000800090c                __fixunsdfsi
 *(.text*)
 .text.MGPIO_VidSetPinDirection
                0x000000000800094c      0x19c Core/Src/DIO_program.o
                0x000000000800094c                MGPIO_VidSetPinDirection
 .text.MGPIO_VidSetPinValue
                0x0000000008000ae8       0xf0 Core/Src/DIO_program.o
                0x0000000008000ae8                MGPIO_VidSetPinValue
 .text.DMA1_Channel1_IRQHandler
                0x0000000008000bd8       0x14 Core/Src/DMA_program.o
                0x0000000008000bd8                DMA1_Channel1_IRQHandler
 .text.EXTI0_IRQHandler
                0x0000000008000bec       0x24 Core/Src/EXTI_program.o
                0x0000000008000bec                EXTI0_IRQHandler
 .text.itoi     0x0000000008000c10       0xec Core/Src/FunHelp.o
                0x0000000008000c10                itoi
 .text.map      0x0000000008000cfc       0x36 Core/Src/FunHelp.o
                0x0000000008000cfc                map
 .text.abs      0x0000000008000d32       0x16 Core/Src/FunHelp.o
                0x0000000008000d32                abs
 .text.HULTRA_attachPin
                0x0000000008000d48       0x78 Core/Src/HULTRA_program.o
                0x0000000008000d48                HULTRA_attachPin
 .text.HULTRA_Trig
                0x0000000008000dc0       0x36 Core/Src/HULTRA_program.o
                0x0000000008000dc0                HULTRA_Trig
 *fill*         0x0000000008000df6        0x2 
 .text.HULTRA_Distance
                0x0000000008000df8      0x120 Core/Src/HULTRA_program.o
                0x0000000008000df8                HULTRA_Distance
 .text.MRCC_VidInit
                0x0000000008000f18       0x30 Core/Src/RCC_program.o
                0x0000000008000f18                MRCC_VidInit
 .text.MRCC_VidEnablePeripheralClock
                0x0000000008000f48       0x80 Core/Src/RCC_program.o
                0x0000000008000f48                MRCC_VidEnablePeripheralClock
 .text.MSPI1_voidInit
                0x0000000008000fc8       0x18 Core/Src/SPI_program.o
                0x0000000008000fc8                MSPI1_voidInit
 .text.MSPI1_voidSendReciveSynch
                0x0000000008000fe0       0x4c Core/Src/SPI_program.o
                0x0000000008000fe0                MSPI1_voidSendReciveSynch
 .text.SPI1_IRQHandler
                0x000000000800102c       0x48 Core/Src/SPI_program.o
                0x000000000800102c                SPI1_IRQHandler
 .text.MSTK_voidInit
                0x0000000008001074       0x18 Core/Src/SYSTICK_program.o
                0x0000000008001074                MSTK_voidInit
 .text.MSTK_voidSetBusyWait
                0x000000000800108c       0x50 Core/Src/SYSTICK_program.o
                0x000000000800108c                MSTK_voidSetBusyWait
 .text.SysTick_Handler
                0x00000000080010dc       0x5c Core/Src/SYSTICK_program.o
                0x00000000080010dc                SysTick_Handler
 .text.HTFT_voidInit
                0x0000000008001138       0x94 Core/Src/TFT_program.o
                0x0000000008001138                HTFT_voidInit
 .text.HTFT_voidFillDisplay
                0x00000000080011cc       0x22 Core/Src/TFT_program.o
                0x00000000080011cc                HTFT_voidFillDisplay
 .text.HTFT_voidDrawRectangle
                0x00000000080011ee       0x6c Core/Src/TFT_program.o
                0x00000000080011ee                HTFT_voidDrawRectangle
 *fill*         0x000000000800125a        0x2 
 .text.HTFT_voidPrintChar
                0x000000000800125c      0x10c Core/Src/TFT_program.o
                0x000000000800125c                HTFT_voidPrintChar
 .text.HTFT_voidPrintText
                0x0000000008001368       0x62 Core/Src/TFT_program.o
                0x0000000008001368                HTFT_voidPrintText
 .text.HTFT_voidprintNumber
                0x00000000080013ca       0x4e Core/Src/TFT_program.o
                0x00000000080013ca                HTFT_voidprintNumber
 .text.HTFT_voidDrawLine
                0x0000000008001418       0xd2 Core/Src/TFT_program.o
                0x0000000008001418                HTFT_voidDrawLine
 .text.HTFT_voidDrawCircle
                0x00000000080014ea      0x154 Core/Src/TFT_program.o
                0x00000000080014ea                HTFT_voidDrawCircle
 .text.voidWriteCommand
                0x000000000800163e       0x2a Core/Src/TFT_program.o
 .text.voidWriteData
                0x0000000008001668       0x2a Core/Src/TFT_program.o
 .text.voidDrawPixel
                0x0000000008001692       0x42 Core/Src/TFT_program.o
 .text.voidSetAddress
                0x00000000080016d4       0xa4 Core/Src/TFT_program.o
 .text.voidSetColour
                0x0000000008001778       0x2e Core/Src/TFT_program.o
 .text.MTIMER2_init
                0x00000000080017a6       0x46 Core/Src/TIMER2_program.o
                0x00000000080017a6                MTIMER2_init
 .text.MTIMER2_delay_us
                0x00000000080017ec       0x4c Core/Src/TIMER2_program.o
                0x00000000080017ec                MTIMER2_delay_us
 .text.MTIMER3_init
                0x0000000008001838       0x8c Core/Src/TIMER3_program.o
                0x0000000008001838                MTIMER3_init
 .text.MTIMER3_delay_ms
                0x00000000080018c4       0x44 Core/Src/TIMER3_program.o
                0x00000000080018c4                MTIMER3_delay_ms
 .text.MTIMER3_PWM_PulseIn
                0x0000000008001908      0x170 Core/Src/TIMER3_program.o
                0x0000000008001908                MTIMER3_PWM_PulseIn
 .text.PWM_voidInit
                0x0000000008001a78      0x4d8 Core/Src/TIM_program.o
                0x0000000008001a78                PWM_voidInit
 .text.PWM_voidUpdate
                0x0000000008001f50       0xd4 Core/Src/TIM_program.o
                0x0000000008001f50                PWM_voidUpdate
 .text.USART1_IRQHandler
                0x0000000008002024       0x1c Core/Src/USART_program.o
                0x0000000008002024                USART1_IRQHandler
 .text.main     0x0000000008002040      0x254 Core/Src/main.o
                0x0000000008002040                main
 .text.drawRadarGrid
                0x0000000008002294       0xd4 Core/Src/main.o
                0x0000000008002294                drawRadarGrid
 .text.drawSweepLine
                0x0000000008002368       0xa4 Core/Src/main.o
                0x0000000008002368                drawSweepLine
 .text.eraseSweepLine
                0x000000000800240c       0xa0 Core/Src/main.o
                0x000000000800240c                eraseSweepLine
 .text.displayInfo
                0x00000000080024ac       0x88 Core/Src/main.o
                0x00000000080024ac                displayInfo
 .text.plotObject
                0x0000000008002534       0x8c Core/Src/main.o
                0x0000000008002534                plotObject
 .text.Reset_Handler
                0x00000000080025c0       0x50 Core/Startup/startup_stm32f103c8tx.o
                0x00000000080025c0                Reset_Handler
 .text.Default_Handler
                0x0000000008002610        0x2 Core/Startup/startup_stm32f103c8tx.o
                0x0000000008002610                EXTI2_IRQHandler
                0x0000000008002610                TIM8_TRG_COM_IRQHandler
                0x0000000008002610                TIM8_CC_IRQHandler
                0x0000000008002610                DebugMon_Handler
                0x0000000008002610                TIM1_CC_IRQHandler
                0x0000000008002610                HardFault_Handler
                0x0000000008002610                TIM6_IRQHandler
                0x0000000008002610                PVD_IRQHandler
                0x0000000008002610                SDIO_IRQHandler
                0x0000000008002610                PendSV_Handler
                0x0000000008002610                NMI_Handler
                0x0000000008002610                EXTI3_IRQHandler
                0x0000000008002610                USB_HP_CAN_TX_IRQHandler
                0x0000000008002610                I2C2_EV_IRQHandler
                0x0000000008002610                UsageFault_Handler
                0x0000000008002610                ADC1_2_IRQHandler
                0x0000000008002610                CAN_SCE_IRQHandler
                0x0000000008002610                TAMPER_IRQHandler
                0x0000000008002610                TIM8_UP_IRQHandler
                0x0000000008002610                DMA2_Channel2_IRQHandler
                0x0000000008002610                DMA1_Channel4_IRQHandler
                0x0000000008002610                USART3_IRQHandler
                0x0000000008002610                RTC_IRQHandler
                0x0000000008002610                DMA1_Channel7_IRQHandler
                0x0000000008002610                UART5_IRQHandler
                0x0000000008002610                ADC3_IRQHandler
                0x0000000008002610                TIM4_IRQHandler
                0x0000000008002610                CAN_RX1_IRQHandler
                0x0000000008002610                DMA2_Channel1_IRQHandler
                0x0000000008002610                I2C1_EV_IRQHandler
                0x0000000008002610                DMA1_Channel6_IRQHandler
                0x0000000008002610                UART4_IRQHandler
                0x0000000008002610                TIM3_IRQHandler
                0x0000000008002610                RCC_IRQHandler
                0x0000000008002610                TIM1_TRG_COM_IRQHandler
                0x0000000008002610                Default_Handler
                0x0000000008002610                EXTI15_10_IRQHandler
                0x0000000008002610                TIM7_IRQHandler
                0x0000000008002610                TIM5_IRQHandler
                0x0000000008002610                EXTI9_5_IRQHandler
                0x0000000008002610                SPI2_IRQHandler
                0x0000000008002610                USB_LP_CAN_RX0_IRQHandler
                0x0000000008002610                MemManage_Handler
                0x0000000008002610                SVC_Handler
                0x0000000008002610                DMA1_Channel5_IRQHandler
                0x0000000008002610                EXTI4_IRQHandler
                0x0000000008002610                DMA1_Channel3_IRQHandler
                0x0000000008002610                FSMC_IRQHandler
                0x0000000008002610                TIM1_UP_IRQHandler
                0x0000000008002610                WWDG_IRQHandler
                0x0000000008002610                TIM2_IRQHandler
                0x0000000008002610                TIM1_BRK_IRQHandler
                0x0000000008002610                EXTI1_IRQHandler
                0x0000000008002610                RTCAlarm_IRQHandler
                0x0000000008002610                DMA2_Channel4_5_IRQHandler
                0x0000000008002610                USART2_IRQHandler
                0x0000000008002610                I2C2_ER_IRQHandler
                0x0000000008002610                DMA1_Channel2_IRQHandler
                0x0000000008002610                TIM8_BRK_IRQHandler
                0x0000000008002610                FLASH_IRQHandler
                0x0000000008002610                BusFault_Handler
                0x0000000008002610                SPI3_IRQHandler
                0x0000000008002610                I2C1_ER_IRQHandler
                0x0000000008002610                DMA2_Channel3_IRQHandler
 *fill*         0x0000000008002612        0x2 
 .text.__libc_init_array
                0x0000000008002614       0x48 c:/st/stm32cubeide_1.4.0/stm32cubeide/plugins/com.st.stm32cube.ide.mcu.externaltools.gnu-tools-for-stm32.7-2018-q2-update.win32_1.4.0.202007081208/tools/bin/../lib/gcc/arm-none-eabi/7.3.1/../../../../arm-none-eabi/lib/thumb/v7-m\libc_nano.a(lib_a-init.o)
                0x0000000008002614                __libc_init_array
 *(.glue_7)
 .glue_7        0x000000000800265c        0x0 linker stubs
 *(.glue_7t)
 .glue_7t       0x000000000800265c        0x0 linker stubs
 *(.eh_frame)
 .eh_frame      0x000000000800265c        0x0 c:/st/stm32cubeide_1.4.0/stm32cubeide/plugins/com.st.stm32cube.ide.mcu.externaltools.gnu-tools-for-stm32.7-2018-q2-update.win32_1.4.0.202007081208/tools/bin/../lib/gcc/arm-none-eabi/7.3.1/thumb/v7-m/crtbegin.o
 *(.init)
 .init          0x000000000800265c        0x4 c:/st/stm32cubeide_1.4.0/stm32cubeide/plugins/com.st.stm32cube.ide.mcu.externaltools.gnu-tools-for-stm32.7-2018-q2-update.win32_1.4.0.202007081208/tools/bin/../lib/gcc/arm-none-eabi/7.3.1/thumb/v7-m/crti.o
                0x000000000800265c                _init
 .init          0x0000000008002660        0x8 c:/st/stm32cubeide_1.4.0/stm32cubeide/plugins/com.st.stm32cube.ide.mcu.externaltools.gnu-tools-for-stm32.7-2018-q2-update.win32_1.4.0.202007081208/tools/bin/../lib/gcc/arm-none-eabi/7.3.1/thumb/v7-m/crtn.o
 *(.fini)
 .fini          0x0000000008002668        0x4 c:/st/stm32cubeide_1.4.0/stm32cubeide/plugins/com.st.stm32cube.ide.mcu.externaltools.gnu-tools-for-stm32.7-2018-q2-update.win32_1.4.0.202007081208/tools/bin/../lib/gcc/arm-none-eabi/7.3.1/thumb/v7-m/crti.o
                0x0000000008002668                _fini
 .fini          0x000000000800266c        0x8 c:/st/stm32cubeide_1.4.0/stm32cubeide/plugins/com.st.stm32cube.ide.mcu.externaltools.gnu-tools-for-stm32.7-2018-q2-update.win32_1.4.0.202007081208/tools/bin/../lib/gcc/arm-none-eabi/7.3.1/thumb/v7-m/crtn.o
                0x0000000008002674                . = ALIGN (0x4)
                0x0000000008002674                _etext = .

.vfp11_veneer   0x0000000008002674        0x0
 .vfp11_veneer  0x0000000008002674        0x0 linker stubs

.v4_bx          0x0000000008002674        0x0
 .v4_bx         0x0000000008002674        0x0 linker stubs

.iplt           0x0000000008002674        0x0
 .iplt          0x0000000008002674        0x0 c:/st/stm32cubeide_1.4.0/stm32cubeide/plugins/com.st.stm32cube.ide.mcu.externaltools.gnu-tools-for-stm32.7-2018-q2-update.win32_1.4.0.202007081208/tools/bin/../lib/gcc/arm-none-eabi/7.3.1/thumb/v7-m/crtbegin.o

.rodata         0x0000000008002674      0x524
                0x0000000008002674                . = ALIGN (0x4)
 *(.rodata)
 .rodata        0x0000000008002674       0x13 Core/Src/main.o
 *(.rodata*)
 *fill*         0x0000000008002687        0x1 
 .rodata.TFT_font
                0x0000000008002688      0x240 Core/Src/TFT_program.o
 .rodata.sin_table
                0x00000000080028c8      0x2d0 Core/Src/main.o
                0x00000000080028c8                sin_table
                0x0000000008002b98                . = ALIGN (0x4)

.rel.dyn        0x0000000008002b98        0x0
 .rel.iplt      0x0000000008002b98        0x0 c:/st/stm32cubeide_1.4.0/stm32cubeide/plugins/com.st.stm32cube.ide.mcu.externaltools.gnu-tools-for-stm32.7-2018-q2-update.win32_1.4.0.202007081208/tools/bin/../lib/gcc/arm-none-eabi/7.3.1/thumb/v7-m/crtbegin.o

.ARM.extab      0x0000000008002b98        0x0
                0x0000000008002b98                . = ALIGN (0x4)
 *(.ARM.extab* .gnu.linkonce.armextab.*)
                0x0000000008002b98                . = ALIGN (0x4)

.ARM            0x0000000008002b98        0x0
                0x0000000008002b98                . = ALIGN (0x4)
                0x0000000008002b98                __exidx_start = .
 *(.ARM.exidx*)
                0x0000000008002b98                __exidx_end = .
                0x0000000008002b98                . = ALIGN (0x4)

.preinit_array  0x0000000008002b98        0x0
                0x0000000008002b98                . = ALIGN (0x4)
                0x0000000008002b98                PROVIDE (__preinit_array_start = .)
 *(.preinit_array*)
                0x0000000008002b98                PROVIDE (__preinit_array_end = .)
                0x0000000008002b98                . = ALIGN (0x4)

.init_array     0x0000000008002b98        0x4
                0x0000000008002b98                . = ALIGN (0x4)
                0x0000000008002b98                PROVIDE (__init_array_start = .)
 *(SORT_BY_NAME(.init_array.*))
 *(.init_array*)
 .init_array    0x0000000008002b98        0x4 c:/st/stm32cubeide_1.4.0/stm32cubeide/plugins/com.st.stm32cube.ide.mcu.externaltools.gnu-tools-for-stm32.7-2018-q2-update.win32_1.4.0.202007081208/tools/bin/../lib/gcc/arm-none-eabi/7.3.1/thumb/v7-m/crtbegin.o
                0x0000000008002b9c                PROVIDE (__init_array_end = .)
                0x0000000008002b9c                . = ALIGN (0x4)

.fini_array     0x0000000008002b9c        0x4
                0x0000000008002b9c                . = ALIGN (0x4)
                [!provide]                        PROVIDE (__fini_array_start = .)
 *(SORT_BY_NAME(.fini_array.*))
 *(.fini_array*)
 .fini_array    0x0000000008002b9c        0x4 c:/st/stm32cubeide_1.4.0/stm32cubeide/plugins/com.st.stm32cube.ide.mcu.externaltools.gnu-tools-for-stm32.7-2018-q2-update.win32_1.4.0.202007081208/tools/bin/../lib/gcc/arm-none-eabi/7.3.1/thumb/v7-m/crtbegin.o
                [!provide]                        PROVIDE (__fini_array_end = .)
                0x0000000008002ba0                . = ALIGN (0x4)
                0x0000000008002ba0                _sidata = LOADADDR (.data)

.data           0x0000000020000000        0x8 load address 0x0000000008002ba0
                0x0000000020000000                . = ALIGN (0x4)
                0x0000000020000000                _sdata = .
 *(.data)
 *(.data*)
 .data.TIMx     0x0000000020000000        0x8 Core/Src/TIM_program.o
                0x0000000020000000                TIMx
                0x0000000020000008                . = ALIGN (0x4)
                0x0000000020000008                _edata = .

.igot.plt       0x0000000020000008        0x0 load address 0x0000000008002ba8
 .igot.plt      0x0000000020000008        0x0 c:/st/stm32cubeide_1.4.0/stm32cubeide/plugins/com.st.stm32cube.ide.mcu.externaltools.gnu-tools-for-stm32.7-2018-q2-update.win32_1.4.0.202007081208/tools/bin/../lib/gcc/arm-none-eabi/7.3.1/thumb/v7-m/crtbegin.o
                0x0000000020000008                . = ALIGN (0x4)

.bss            0x0000000020000008       0x4c load address 0x0000000008002ba8
                0x0000000020000008                _sbss = .
                0x0000000020000008                __bss_start__ = _sbss
 *(.bss)
 .bss           0x0000000020000008       0x1c c:/st/stm32cubeide_1.4.0/stm32cubeide/plugins/com.st.stm32cube.ide.mcu.externaltools.gnu-tools-for-stm32.7-2018-q2-update.win32_1.4.0.202007081208/tools/bin/../lib/gcc/arm-none-eabi/7.3.1/thumb/v7-m/crtbegin.o
 *(.bss*)
 .bss.EXTI0_CallBack
                0x0000000020000024        0x4 Core/Src/EXTI_program.o
 .bss.MSTK_CallBack
                0x0000000020000028        0x4 Core/Src/SYSTICK_program.o
 .bss.MSTK_u8ModeOfInterval
                0x000000002000002c        0x1 Core/Src/SYSTICK_program.o
 *fill*         0x000000002000002d        0x1 
 .bss.previousAngle
                0x000000002000002e        0x2 Core/Src/main.o
                0x000000002000002e                previousAngle
 .bss.previousDistance
                0x0000000020000030        0x2 Core/Src/main.o
                0x0000000020000030                previousDistance
 *(COMMON)
 *fill*         0x0000000020000032        0x2 
 COMMON         0x0000000020000034        0x4 Core/Src/DMA_program.o
                0x0000000020000034                DMA_CallBackChannel1
 COMMON         0x0000000020000038        0x4 Core/Src/SPI_program.o
                0x0000000020000038                MSPI1_CallBack
 COMMON         0x000000002000003c       0x18 Core/Src/USART_program.o
                0x000000002000003c                String
                0x0000000020000050                MUSART1_CallBack
                0x0000000020000054                . = ALIGN (0x4)
                0x0000000020000054                _ebss = .
                0x0000000020000054                __bss_end__ = _ebss

._user_heap_stack
                0x0000000020000054      0x604 load address 0x0000000008002ba8
                0x0000000020000058                . = ALIGN (0x8)
 *fill*         0x0000000020000054        0x4 
                [!provide]                        PROVIDE (end = .)
                0x0000000020000058                PROVIDE (_end = .)
                0x0000000020000258                . = (. + _Min_Heap_Size)
 *fill*         0x0000000020000058      0x200 
                0x0000000020000658                . = (. + _Min_Stack_Size)
 *fill*         0x0000000020000258      0x400 
                0x0000000020000658                . = ALIGN (0x8)

/DISCARD/
 libc.a(*)
 libm.a(*)
 libgcc.a(*)

.ARM.attributes
                0x0000000000000000       0x29
 *(.ARM.attributes)
 .ARM.attributes
                0x0000000000000000       0x1d c:/st/stm32cubeide_1.4.0/stm32cubeide/plugins/com.st.stm32cube.ide.mcu.externaltools.gnu-tools-for-stm32.7-2018-q2-update.win32_1.4.0.202007081208/tools/bin/../lib/gcc/arm-none-eabi/7.3.1/thumb/v7-m/crti.o
 .ARM.attributes
                0x000000000000001d       0x2d c:/st/stm32cubeide_1.4.0/stm32cubeide/plugins/com.st.stm32cube.ide.mcu.externaltools.gnu-tools-for-stm32.7-2018-q2-update.win32_1.4.0.202007081208/tools/bin/../lib/gcc/arm-none-eabi/7.3.1/thumb/v7-m/crtbegin.o
 .ARM.attributes
                0x000000000000004a       0x33 Core/Src/DIO_program.o
 .ARM.attributes
                0x000000000000007d       0x33 Core/Src/DMA_program.o
 .ARM.attributes
                0x00000000000000b0       0x33 Core/Src/EXTI_program.o
 .ARM.attributes
                0x00000000000000e3       0x33 Core/Src/FunHelp.o
 .ARM.attributes
                0x0000000000000116       0x33 Core/Src/HULTRA_program.o
 .ARM.attributes
                0x0000000000000149       0x33 Core/Src/RCC_program.o
 .ARM.attributes
                0x000000000000017c       0x33 Core/Src/SPI_program.o
 .ARM.attributes
                0x00000000000001af       0x33 Core/Src/SYSTICK_program.o
 .ARM.attributes
                0x00000000000001e2       0x33 Core/Src/TFT_program.o
 .ARM.attributes
                0x0000000000000215       0x33 Core/Src/TIMER2_program.o
 .ARM.attributes
                0x0000000000000248       0x33 Core/Src/TIMER3_program.o
 .ARM.attributes
                0x000000000000027b       0x33 Core/Src/TIM_program.o
 .ARM.attributes
                0x00000000000002ae       0x33 Core/Src/USART_program.o
 .ARM.attributes
                0x00000000000002e1       0x33 Core/Src/main.o
 .ARM.attributes
                0x0000000000000314       0x21 Core/Startup/startup_stm32f103c8tx.o
 .ARM.attributes
                0x0000000000000335       0x2d c:/st/stm32cubeide_1.4.0/stm32cubeide/plugins/com.st.stm32cube.ide.mcu.externaltools.gnu-tools-for-stm32.7-2018-q2-update.win32_1.4.0.202007081208/tools/bin/../lib/gcc/arm-none-eabi/7.3.1/../../../../arm-none-eabi/lib/thumb/v7-m\libc_nano.a(lib_a-init.o)
 .ARM.attributes
                0x0000000000000362       0x1d c:/st/stm32cubeide_1.4.0/stm32cubeide/plugins/com.st.stm32cube.ide.mcu.externaltools.gnu-tools-for-stm32.7-2018-q2-update.win32_1.4.0.202007081208/tools/bin/../lib/gcc/arm-none-eabi/7.3.1/thumb/v7-m\libgcc.a(_arm_addsubdf3.o)
 .ARM.attributes
                0x000000000000037f       0x1d c:/st/stm32cubeide_1.4.0/stm32cubeide/plugins/com.st.stm32cube.ide.mcu.externaltools.gnu-tools-for-stm32.7-2018-q2-update.win32_1.4.0.202007081208/tools/bin/../lib/gcc/arm-none-eabi/7.3.1/thumb/v7-m\libgcc.a(_arm_muldivdf3.o)
 .ARM.attributes
                0x000000000000039c       0x1d c:/st/stm32cubeide_1.4.0/stm32cubeide/plugins/com.st.stm32cube.ide.mcu.externaltools.gnu-tools-for-stm32.7-2018-q2-update.win32_1.4.0.202007081208/tools/bin/../lib/gcc/arm-none-eabi/7.3.1/thumb/v7-m\libgcc.a(_arm_fixunsdfsi.o)
 .ARM.attributes
                0x00000000000003b9       0x1d c:/st/stm32cubeide_1.4.0/stm32cubeide/plugins/com.st.stm32cube.ide.mcu.externaltools.gnu-tools-for-stm32.7-2018-q2-update.win32_1.4.0.202007081208/tools/bin/../lib/gcc/arm-none-eabi/7.3.1/thumb/v7-m/crtn.o
OUTPUT(ARM_2.elf elf32-littlearm)

.debug_info     0x0000000000000000     0x2418
 .debug_info    0x0000000000000000      0x273 Core/Src/DIO_program.o
 .debug_info    0x0000000000000273      0x339 Core/Src/DMA_program.o
 .debug_info    0x00000000000005ac      0x1d3 Core/Src/EXTI_program.o
 .debug_info    0x000000000000077f      0x41b Core/Src/FunHelp.o
 .debug_info    0x0000000000000b9a      0x11b Core/Src/HULTRA_program.o
 .debug_info    0x0000000000000cb5      0x11b Core/Src/RCC_program.o
 .debug_info    0x0000000000000dd0      0x1a3 Core/Src/SPI_program.o
 .debug_info    0x0000000000000f73      0x207 Core/Src/SYSTICK_program.o
 .debug_info    0x000000000000117a      0x5d8 Core/Src/TFT_program.o
 .debug_info    0x0000000000001752      0x18d Core/Src/TIMER2_program.o
 .debug_info    0x00000000000018df      0x271 Core/Src/TIMER3_program.o
 .debug_info    0x0000000000001b50      0x31b Core/Src/TIM_program.o
 .debug_info    0x0000000000001e6b      0x24d Core/Src/USART_program.o
 .debug_info    0x00000000000020b8      0x33e Core/Src/main.o
 .debug_info    0x00000000000023f6       0x22 Core/Startup/startup_stm32f103c8tx.o

.debug_abbrev   0x0000000000000000      0xd68
 .debug_abbrev  0x0000000000000000       0xda Core/Src/DIO_program.o
 .debug_abbrev  0x00000000000000da      0x14e Core/Src/DMA_program.o
 .debug_abbrev  0x0000000000000228       0xf3 Core/Src/EXTI_program.o
 .debug_abbrev  0x000000000000031b      0x133 Core/Src/FunHelp.o
 .debug_abbrev  0x000000000000044e       0x9b Core/Src/HULTRA_program.o
 .debug_abbrev  0x00000000000004e9       0x70 Core/Src/RCC_program.o
 .debug_abbrev  0x0000000000000559       0xe8 Core/Src/SPI_program.o
 .debug_abbrev  0x0000000000000641      0x104 Core/Src/SYSTICK_program.o
 .debug_abbrev  0x0000000000000745      0x128 Core/Src/TFT_program.o
 .debug_abbrev  0x000000000000086d       0xa8 Core/Src/TIMER2_program.o
 .debug_abbrev  0x0000000000000915       0xd3 Core/Src/TIMER3_program.o
 .debug_abbrev  0x00000000000009e8       0xf5 Core/Src/TIM_program.o
 .debug_abbrev  0x0000000000000add      0x16a Core/Src/USART_program.o
 .debug_abbrev  0x0000000000000c47      0x10f Core/Src/main.o
 .debug_abbrev  0x0000000000000d56       0x12 Core/Startup/startup_stm32f103c8tx.o

.debug_aranges  0x0000000000000000      0x438
 .debug_aranges
                0x0000000000000000       0x48 Core/Src/DIO_program.o
 .debug_aranges
                0x0000000000000048       0x60 Core/Src/DMA_program.o
 .debug_aranges
                0x00000000000000a8       0x50 Core/Src/EXTI_program.o
 .debug_aranges
                0x00000000000000f8       0x68 Core/Src/FunHelp.o
 .debug_aranges
                0x0000000000000160       0x30 Core/Src/HULTRA_program.o
 .debug_aranges
                0x0000000000000190       0x38 Core/Src/RCC_program.o
 .debug_aranges
                0x00000000000001c8       0x38 Core/Src/SPI_program.o
 .debug_aranges
                0x0000000000000200       0x58 Core/Src/SYSTICK_program.o
 .debug_aranges
                0x0000000000000258       0x88 Core/Src/TFT_program.o
 .debug_aranges
                0x00000000000002e0       0x30 Core/Src/TIMER2_program.o
 .debug_aranges
                0x0000000000000310       0x40 Core/Src/TIMER3_program.o
 .debug_aranges
                0x0000000000000350       0x28 Core/Src/TIM_program.o
 .debug_aranges
                0x0000000000000378       0x50 Core/Src/USART_program.o
 .debug_aranges
                0x00000000000003c8       0x48 Core/Src/main.o
 .debug_aranges
                0x0000000000000410       0x28 Core/Startup/startup_stm32f103c8tx.o

.debug_ranges   0x0000000000000000      0x368
 .debug_ranges  0x0000000000000000       0x38 Core/Src/DIO_program.o
 .debug_ranges  0x0000000000000038       0x50 Core/Src/DMA_program.o
 .debug_ranges  0x0000000000000088       0x40 Core/Src/EXTI_program.o
 .debug_ranges  0x00000000000000c8       0x58 Core/Src/FunHelp.o
 .debug_ranges  0x0000000000000120       0x20 Core/Src/HULTRA_program.o
 .debug_ranges  0x0000000000000140       0x28 Core/Src/RCC_program.o
 .debug_ranges  0x0000000000000168       0x28 Core/Src/SPI_program.o
 .debug_ranges  0x0000000000000190       0x48 Core/Src/SYSTICK_program.o
 .debug_ranges  0x00000000000001d8       0x90 Core/Src/TFT_program.o
 .debug_ranges  0x0000000000000268       0x20 Core/Src/TIMER2_program.o
 .debug_ranges  0x0000000000000288       0x30 Core/Src/TIMER3_program.o
 .debug_ranges  0x00000000000002b8       0x18 Core/Src/TIM_program.o
 .debug_ranges  0x00000000000002d0       0x40 Core/Src/USART_program.o
 .debug_ranges  0x0000000000000310       0x38 Core/Src/main.o
 .debug_ranges  0x0000000000000348       0x20 Core/Startup/startup_stm32f103c8tx.o

.debug_macro    0x0000000000000000      0x8a8
 .debug_macro   0x0000000000000000       0x48 Core/Src/DIO_program.o
 .debug_macro   0x0000000000000048       0x1c Core/Src/DIO_program.o
 .debug_macro   0x0000000000000064       0x3f Core/Src/DMA_program.o
 .debug_macro   0x00000000000000a3       0x10 Core/Src/DMA_program.o
 .debug_macro   0x00000000000000b3       0xca Core/Src/DMA_program.o
 .debug_macro   0x000000000000017d       0x47 Core/Src/EXTI_program.o
 .debug_macro   0x00000000000001c4       0x7c Core/Src/EXTI_program.o
 .debug_macro   0x0000000000000240       0x10 Core/Src/EXTI_program.o
 .debug_macro   0x0000000000000250       0x16 Core/Src/EXTI_program.o
 .debug_macro   0x0000000000000266       0x2c Core/Src/FunHelp.o
 .debug_macro   0x0000000000000292       0x16 Core/Src/FunHelp.o
 .debug_macro   0x00000000000002a8       0x65 Core/Src/HULTRA_program.o
 .debug_macro   0x000000000000030d       0x16 Core/Src/HULTRA_program.o
 .debug_macro   0x0000000000000323       0x3a Core/Src/HULTRA_program.o
 .debug_macro   0x000000000000035d       0x3e Core/Src/RCC_program.o
 .debug_macro   0x000000000000039b       0x70 Core/Src/RCC_program.o
 .debug_macro   0x000000000000040b       0x22 Core/Src/RCC_program.o
 .debug_macro   0x000000000000042d       0x48 Core/Src/SPI_program.o
 .debug_macro   0x0000000000000475       0x10 Core/Src/SPI_program.o
 .debug_macro   0x0000000000000485       0x10 Core/Src/SPI_program.o
 .debug_macro   0x0000000000000495       0x3f Core/Src/SYSTICK_program.o
 .debug_macro   0x00000000000004d4       0x28 Core/Src/SYSTICK_program.o
 .debug_macro   0x00000000000004fc       0x10 Core/Src/SYSTICK_program.o
 .debug_macro   0x000000000000050c       0x64 Core/Src/TFT_program.o
 .debug_macro   0x0000000000000570       0x40 Core/Src/TFT_program.o
 .debug_macro   0x00000000000005b0       0x28 Core/Src/TFT_program.o
 .debug_macro   0x00000000000005d8       0x16 Core/Src/TFT_program.o
 .debug_macro   0x00000000000005ee       0x48 Core/Src/TIMER2_program.o
 .debug_macro   0x0000000000000636       0x22 Core/Src/TIMER2_program.o
 .debug_macro   0x0000000000000658       0x48 Core/Src/TIMER3_program.o
 .debug_macro   0x00000000000006a0       0x22 Core/Src/TIMER3_program.o
 .debug_macro   0x00000000000006c2       0x52 Core/Src/TIM_program.o
 .debug_macro   0x0000000000000714       0x16 Core/Src/TIM_program.o
 .debug_macro   0x000000000000072a       0x44 Core/Src/USART_program.o
 .debug_macro   0x000000000000076e       0x28 Core/Src/USART_program.o
 .debug_macro   0x0000000000000796       0x40 Core/Src/USART_program.o
 .debug_macro   0x00000000000007d6       0xd2 Core/Src/main.o

.debug_line     0x0000000000000000     0x167a
 .debug_line    0x0000000000000000      0x279 Core/Src/DIO_program.o
 .debug_line    0x0000000000000279      0x1a9 Core/Src/DMA_program.o
 .debug_line    0x0000000000000422      0x132 Core/Src/EXTI_program.o
 .debug_line    0x0000000000000554      0x1e0 Core/Src/FunHelp.o
 .debug_line    0x0000000000000734      0x13d Core/Src/HULTRA_program.o
 .debug_line    0x0000000000000871      0x102 Core/Src/RCC_program.o
 .debug_line    0x0000000000000973      0x100 Core/Src/SPI_program.o
 .debug_line    0x0000000000000a73      0x152 Core/Src/SYSTICK_program.o
 .debug_line    0x0000000000000bc5      0x2b8 Core/Src/TFT_program.o
 .debug_line    0x0000000000000e7d      0x104 Core/Src/TIMER2_program.o
 .debug_line    0x0000000000000f81      0x185 Core/Src/TIMER3_program.o
 .debug_line    0x0000000000001106      0x12e Core/Src/TIM_program.o
 .debug_line    0x0000000000001234      0x15f Core/Src/USART_program.o
 .debug_line    0x0000000000001393      0x25e Core/Src/main.o
 .debug_line    0x00000000000015f1       0x89 Core/Startup/startup_stm32f103c8tx.o

.debug_str      0x0000000000000000     0x5541
 .debug_str     0x0000000000000000     0x36ef Core/Src/DIO_program.o
                                       0x3767 (size before relaxing)
 .debug_str     0x00000000000036ef      0x3ef Core/Src/DMA_program.o
                                       0x3210 (size before relaxing)
 .debug_str     0x0000000000003ade      0x29d Core/Src/EXTI_program.o
                                       0x30a8 (size before relaxing)
 .debug_str     0x0000000000003d7b       0xf7 Core/Src/FunHelp.o
                                       0x2f07 (size before relaxing)
 .debug_str     0x0000000000003e72      0x172 Core/Src/HULTRA_program.o
                                       0x325c (size before relaxing)
 .debug_str     0x0000000000003fe4      0x35a Core/Src/RCC_program.o
                                       0x3680 (size before relaxing)
 .debug_str     0x000000000000433e      0x14a Core/Src/SPI_program.o
                                       0x31df (size before relaxing)
 .debug_str     0x0000000000004488      0x229 Core/Src/SYSTICK_program.o
                                       0x3028 (size before relaxing)
 .debug_str     0x00000000000046b1      0x3e8 Core/Src/TFT_program.o
                                       0x34e1 (size before relaxing)
 .debug_str     0x0000000000004a99       0xf8 Core/Src/TIMER2_program.o
                                       0x2f5a (size before relaxing)
 .debug_str     0x0000000000004b91      0x105 Core/Src/TIMER3_program.o
                                       0x3022 (size before relaxing)
 .debug_str     0x0000000000004c96      0x1a6 Core/Src/TIM_program.o
                                       0x3557 (size before relaxing)
 .debug_str     0x0000000000004e3c      0x4ec Core/Src/USART_program.o
                                       0x32ff (size before relaxing)
 .debug_str     0x0000000000005328      0x1e3 Core/Src/main.o
                                       0x3bd2 (size before relaxing)
 .debug_str     0x000000000000550b       0x36 Core/Startup/startup_stm32f103c8tx.o
                                         0x4f (size before relaxing)

.comment        0x0000000000000000       0x7b
 .comment       0x0000000000000000       0x7b Core/Src/DIO_program.o
                                         0x7c (size before relaxing)
 .comment       0x000000000000007b       0x7c Core/Src/DMA_program.o
 .comment       0x000000000000007b       0x7c Core/Src/EXTI_program.o
 .comment       0x000000000000007b       0x7c Core/Src/FunHelp.o
 .comment       0x000000000000007b       0x7c Core/Src/HULTRA_program.o
 .comment       0x000000000000007b       0x7c Core/Src/RCC_program.o
 .comment       0x000000000000007b       0x7c Core/Src/SPI_program.o
 .comment       0x000000000000007b       0x7c Core/Src/SYSTICK_program.o
 .comment       0x000000000000007b       0x7c Core/Src/TFT_program.o
 .comment       0x000000000000007b       0x7c Core/Src/TIMER2_program.o
 .comment       0x000000000000007b       0x7c Core/Src/TIMER3_program.o
 .comment       0x000000000000007b       0x7c Core/Src/TIM_program.o
 .comment       0x000000000000007b       0x7c Core/Src/USART_program.o
 .comment       0x000000000000007b       0x7c Core/Src/main.o

.debug_frame    0x0000000000000000      0xf4c
 .debug_frame   0x0000000000000000      0x100 Core/Src/DIO_program.o
 .debug_frame   0x0000000000000100      0x16c Core/Src/DMA_program.o
 .debug_frame   0x000000000000026c      0x114 Core/Src/EXTI_program.o
 .debug_frame   0x0000000000000380      0x1a0 Core/Src/FunHelp.o
 .debug_frame   0x0000000000000520       0x80 Core/Src/HULTRA_program.o
 .debug_frame   0x00000000000005a0       0xa8 Core/Src/RCC_program.o
 .debug_frame   0x0000000000000648       0x9c Core/Src/SPI_program.o
 .debug_frame   0x00000000000006e4      0x13c Core/Src/SYSTICK_program.o
 .debug_frame   0x0000000000000820      0x21c Core/Src/TFT_program.o
 .debug_frame   0x0000000000000a3c       0x88 Core/Src/TIMER2_program.o
 .debug_frame   0x0000000000000ac4       0xd8 Core/Src/TIMER3_program.o
 .debug_frame   0x0000000000000b9c       0x60 Core/Src/TIM_program.o
 .debug_frame   0x0000000000000bfc      0x114 Core/Src/USART_program.o
 .debug_frame   0x0000000000000d10       0xf0 Core/Src/main.o
 .debug_frame   0x0000000000000e00       0x2c c:/st/stm32cubeide_1.4.0/stm32cubeide/plugins/com.st.stm32cube.ide.mcu.externaltools.gnu-tools-for-stm32.7-2018-q2-update.win32_1.4.0.202007081208/tools/bin/../lib/gcc/arm-none-eabi/7.3.1/../../../../arm-none-eabi/lib/thumb/v7-m\libc_nano.a(lib_a-init.o)
 .debug_frame   0x0000000000000e2c       0xac c:/st/stm32cubeide_1.4.0/stm32cubeide/plugins/com.st.stm32cube.ide.mcu.externaltools.gnu-tools-for-stm32.7-2018-q2-update.win32_1.4.0.202007081208/tools/bin/../lib/gcc/arm-none-eabi/7.3.1/thumb/v7-m\libgcc.a(_arm_addsubdf3.o)
 .debug_frame   0x0000000000000ed8       0x50 c:/st/stm32cubeide_1.4.0/stm32cubeide/plugins/com.st.stm32cube.ide.mcu.externaltools.gnu-tools-for-stm32.7-2018-q2-update.win32_1.4.0.202007081208/tools/bin/../lib/gcc/arm-none-eabi/7.3.1/thumb/v7-m\libgcc.a(_arm_muldivdf3.o)
 .debug_frame   0x0000000000000f28       0x24 c:/st/stm32cubeide_1.4.0/stm32cubeide/plugins/com.st.stm32cube.ide.mcu.externaltools.gnu-tools-for-stm32.7-2018-q2-update.win32_1.4.0.202007081208/tools/bin/../lib/gcc/arm-none-eabi/7.3.1/thumb/v7-m\libgcc.a(_arm_fixunsdfsi.o)
